  Determining projects to restore...
  All projects are up-to-date for restore.
  Pilgrims.PersonalFinances.Core -> C:\Users\Admin\Documents\Github\Pilgrims.PersonalFinances\Pilgrims.PersonalFinances.Core\bin\Debug\net9.0\Pilgrims.PersonalFinances.Core.dll
  Pilgrims.PersonalFinances.Tests -> C:\Users\Admin\Documents\Github\Pilgrims.PersonalFinances\Pilgrims.PersonalFinances.Tests\bin\Debug\net9.0\Pilgrims.PersonalFinances.Tests.dll
  Pilgrims.PersonalFinances -> C:\Users\Admin\Documents\Github\Pilgrims.PersonalFinances\Pilgrims.PersonalFinances\bin\Debug\net9.0-maccatalyst\maccatalyst-x64\Pilgrims.PersonalFinances.dll
  Pilgrims.PersonalFinances -> C:\Users\Admin\Documents\Github\Pilgrims.PersonalFinances\Pilgrims.PersonalFinances\bin\Debug\net9.0-ios\iossimulator-x64\Pilgrims.PersonalFinances.dll
  Pilgrims.PersonalFinances -> C:\Users\Admin\Documents\Github\Pilgrims.PersonalFinances\Pilgrims.PersonalFinances\bin\Debug\net9.0-android\Pilgrims.PersonalFinances.dll
  Pilgrims.PersonalFinances.Core -> C:\Users\Admin\Documents\Github\Pilgrims.PersonalFinances\Pilgrims.PersonalFinances.Core\bin\Debug\net9.0\Pilgrims.PersonalFinances.Core.dll
C:\Program Files\dotnet\packs\Microsoft.Android.Sdk.Windows\35.0.101\targets\Microsoft.Android.Sdk.AssemblyResolution.targets(130,5): error XAPRAS7009: System.InvalidOperationException: PE image does not have metadata. [C:\Users\Admin\Documents\Github\Pilgrims.PersonalFinances\Pilgrims.PersonalFinances\Pilgrims.PersonalFinances.csproj::TargetFramework=net9.0-android]
C:\Program Files\dotnet\packs\Microsoft.Android.Sdk.Windows\35.0.101\targets\Microsoft.Android.Sdk.AssemblyResolution.targets(130,5): error XAPRAS7009:    at System.Reflection.PortableExecutable.PEReader.GetMetadataBlock() [C:\Users\Admin\Documents\Github\Pilgrims.PersonalFinances\Pilgrims.PersonalFinances\Pilgrims.PersonalFinances.csproj::TargetFramework=net9.0-android]
C:\Program Files\dotnet\packs\Microsoft.Android.Sdk.Windows\35.0.101\targets\Microsoft.Android.Sdk.AssemblyResolution.targets(130,5): error XAPRAS7009:    at System.Reflection.Metadata.PEReaderExtensions.GetMetadataReader(PEReader peReader) [C:\Users\Admin\Documents\Github\Pilgrims.PersonalFinances\Pilgrims.PersonalFinances\Pilgrims.PersonalFinances.csproj::TargetFramework=net9.0-android]
C:\Program Files\dotnet\packs\Microsoft.Android.Sdk.Windows\35.0.101\targets\Microsoft.Android.Sdk.AssemblyResolution.targets(130,5): error XAPRAS7009:    at Xamarin.Android.Tasks.MonoAndroidHelper.HasMonoAndroidReference(ITaskItem assembly) in /Users/runner/work/1/s/xamarin-android/src/Xamarin.Android.Build.Tasks/Utilities/MonoAndroidHelper.cs:line 350 [C:\Users\Admin\Documents\Github\Pilgrims.PersonalFinances\Pilgrims.PersonalFinances\Pilgrims.PersonalFinances.csproj::TargetFramework=net9.0-android]
C:\Program Files\dotnet\packs\Microsoft.Android.Sdk.Windows\35.0.101\targets\Microsoft.Android.Sdk.AssemblyResolution.targets(130,5): error XAPRAS7009:    at Xamarin.Android.Tasks.ProcessAssemblies.SetMetadataForAssemblies(List`1 output, Dictionary`2 symbols) in /Users/runner/work/1/s/xamarin-android/src/Xamarin.Android.Build.Tasks/Tasks/ProcessAssemblies.cs:line 133 [C:\Users\Admin\Documents\Github\Pilgrims.PersonalFinances\Pilgrims.PersonalFinances\Pilgrims.PersonalFinances.csproj::TargetFramework=net9.0-android]
C:\Program Files\dotnet\packs\Microsoft.Android.Sdk.Windows\35.0.101\targets\Microsoft.Android.Sdk.AssemblyResolution.targets(130,5): error XAPRAS7009:    at Xamarin.Android.Tasks.ProcessAssemblies.RunTask() in /Users/runner/work/1/s/xamarin-android/src/Xamarin.Android.Build.Tasks/Tasks/ProcessAssemblies.cs:line 62 [C:\Users\Admin\Documents\Github\Pilgrims.PersonalFinances\Pilgrims.PersonalFinances\Pilgrims.PersonalFinances.csproj::TargetFramework=net9.0-android]
C:\Program Files\dotnet\packs\Microsoft.Android.Sdk.Windows\35.0.101\targets\Microsoft.Android.Sdk.AssemblyResolution.targets(130,5): error XAPRAS7009:    at Microsoft.Android.Build.Tasks.AndroidTask.Execute() in /Users/runner/work/1/s/xamarin-android/external/xamarin-android-tools/src/Microsoft.Android.Build.BaseTasks/AndroidTask.cs:line 25 [C:\Users\Admin\Documents\Github\Pilgrims.PersonalFinances\Pilgrims.PersonalFinances\Pilgrims.PersonalFinances.csproj::TargetFramework=net9.0-android]
C:\Users\Admin\Documents\Github\Pilgrims.PersonalFinances\Pilgrims.PersonalFinances\Components\Shared\UIMessageHandler.razor(14,83): warning CS4014: Because this call is not awaited, execution of the current method continues before the call is completed. Consider applying the 'await' operator to the result of the call. [C:\Users\Admin\Documents\Github\Pilgrims.PersonalFinances\Pilgrims.PersonalFinances\Pilgrims.PersonalFinances.csproj::TargetFramework=net9.0-windows10.0.19041.0]
C:\Users\Admin\Documents\Github\Pilgrims.PersonalFinances\Pilgrims.PersonalFinances\Components\Shared\UIMessageHandler.razor(15,90): warning CS4014: Because this call is not awaited, execution of the current method continues before the call is completed. Consider applying the 'await' operator to the result of the call. [C:\Users\Admin\Documents\Github\Pilgrims.PersonalFinances\Pilgrims.PersonalFinances\Pilgrims.PersonalFinances.csproj::TargetFramework=net9.0-windows10.0.19041.0]
C:\Users\Admin\Documents\Github\Pilgrims.PersonalFinances\Pilgrims.PersonalFinances\Components\Shared\UIMessageHandler.razor(16,86): warning CS4014: Because this call is not awaited, execution of the current method continues before the call is completed. Consider applying the 'await' operator to the result of the call. [C:\Users\Admin\Documents\Github\Pilgrims.PersonalFinances\Pilgrims.PersonalFinances\Pilgrims.PersonalFinances.csproj::TargetFramework=net9.0-windows10.0.19041.0]
C:\Users\Admin\Documents\Github\Pilgrims.PersonalFinances\Pilgrims.PersonalFinances\Components\Shared\UIMessageHandler.razor(17,79): warning CS4014: Because this call is not awaited, execution of the current method continues before the call is completed. Consider applying the 'await' operator to the result of the call. [C:\Users\Admin\Documents\Github\Pilgrims.PersonalFinances\Pilgrims.PersonalFinances\Pilgrims.PersonalFinances.csproj::TargetFramework=net9.0-windows10.0.19041.0]
C:\Users\Admin\Documents\Github\Pilgrims.PersonalFinances\Pilgrims.PersonalFinances\Components\Shared\UIMessageHandler.razor(18,94): warning CS4014: Because this call is not awaited, execution of the current method continues before the call is completed. Consider applying the 'await' operator to the result of the call. [C:\Users\Admin\Documents\Github\Pilgrims.PersonalFinances\Pilgrims.PersonalFinances\Pilgrims.PersonalFinances.csproj::TargetFramework=net9.0-windows10.0.19041.0]
C:\Users\Admin\Documents\Github\Pilgrims.PersonalFinances\Pilgrims.PersonalFinances\Components\Shared\UIMessageHandler.razor(19,90): warning CS4014: Because this call is not awaited, execution of the current method continues before the call is completed. Consider applying the 'await' operator to the result of the call. [C:\Users\Admin\Documents\Github\Pilgrims.PersonalFinances\Pilgrims.PersonalFinances\Pilgrims.PersonalFinances.csproj::TargetFramework=net9.0-windows10.0.19041.0]
C:\Users\Admin\Documents\Github\Pilgrims.PersonalFinances\Pilgrims.PersonalFinances\Components\Shared\UIMessageHandler.razor(20,86): warning CS4014: Because this call is not awaited, execution of the current method continues before the call is completed. Consider applying the 'await' operator to the result of the call. [C:\Users\Admin\Documents\Github\Pilgrims.PersonalFinances\Pilgrims.PersonalFinances\Pilgrims.PersonalFinances.csproj::TargetFramework=net9.0-windows10.0.19041.0]
C:\Users\Admin\Documents\Github\Pilgrims.PersonalFinances\Pilgrims.PersonalFinances\Components\Shared\UIMessageHandler.razor(21,88): warning CS4014: Because this call is not awaited, execution of the current method continues before the call is completed. Consider applying the 'await' operator to the result of the call. [C:\Users\Admin\Documents\Github\Pilgrims.PersonalFinances\Pilgrims.PersonalFinances\Pilgrims.PersonalFinances.csproj::TargetFramework=net9.0-windows10.0.19041.0]
C:\Users\Admin\Documents\Github\Pilgrims.PersonalFinances\Pilgrims.PersonalFinances\Components\Shared\UIMessageHandler.razor(22,84): warning CS4014: Because this call is not awaited, execution of the current method continues before the call is completed. Consider applying the 'await' operator to the result of the call. [C:\Users\Admin\Documents\Github\Pilgrims.PersonalFinances\Pilgrims.PersonalFinances\Pilgrims.PersonalFinances.csproj::TargetFramework=net9.0-windows10.0.19041.0]
C:\Users\Admin\Documents\Github\Pilgrims.PersonalFinances\Pilgrims.PersonalFinances\Services\FileService.cs(300,27): warning CS8602: Dereference of a possibly null reference. [C:\Users\Admin\Documents\Github\Pilgrims.PersonalFinances\Pilgrims.PersonalFinances\Pilgrims.PersonalFinances.csproj::TargetFramework=net9.0-windows10.0.19041.0]
C:\Users\Admin\Documents\Github\Pilgrims.PersonalFinances\Pilgrims.PersonalFinances\Services\FileService.cs(303,27): warning CS8602: Dereference of a possibly null reference. [C:\Users\Admin\Documents\Github\Pilgrims.PersonalFinances\Pilgrims.PersonalFinances\Pilgrims.PersonalFinances.csproj::TargetFramework=net9.0-windows10.0.19041.0]
C:\Users\Admin\Documents\Github\Pilgrims.PersonalFinances\Pilgrims.PersonalFinances\Services\FileService.cs(304,27): warning CS8602: Dereference of a possibly null reference. [C:\Users\Admin\Documents\Github\Pilgrims.PersonalFinances\Pilgrims.PersonalFinances\Pilgrims.PersonalFinances.csproj::TargetFramework=net9.0-windows10.0.19041.0]
C:\Users\Admin\Documents\Github\Pilgrims.PersonalFinances\Pilgrims.PersonalFinances\Components\Shared\SplitTransactionComponent.razor(204,9): warning CS4014: Because this call is not awaited, execution of the current method continues before the call is completed. Consider applying the 'await' operator to the result of the call. [C:\Users\Admin\Documents\Github\Pilgrims.PersonalFinances\Pilgrims.PersonalFinances\Pilgrims.PersonalFinances.csproj::TargetFramework=net9.0-windows10.0.19041.0]
C:\Users\Admin\Documents\Github\Pilgrims.PersonalFinances\Pilgrims.PersonalFinances\Components\Shared\SplitTransactionComponent.razor(213,13): warning CS4014: Because this call is not awaited, execution of the current method continues before the call is completed. Consider applying the 'await' operator to the result of the call. [C:\Users\Admin\Documents\Github\Pilgrims.PersonalFinances\Pilgrims.PersonalFinances\Pilgrims.PersonalFinances.csproj::TargetFramework=net9.0-windows10.0.19041.0]
C:\Users\Admin\Documents\Github\Pilgrims.PersonalFinances\Pilgrims.PersonalFinances\Components\Shared\SplitTransactionComponent.razor(223,13): warning CS4014: Because this call is not awaited, execution of the current method continues before the call is completed. Consider applying the 'await' operator to the result of the call. [C:\Users\Admin\Documents\Github\Pilgrims.PersonalFinances\Pilgrims.PersonalFinances\Pilgrims.PersonalFinances.csproj::TargetFramework=net9.0-windows10.0.19041.0]
C:\Users\Admin\Documents\Github\Pilgrims.PersonalFinances\Pilgrims.PersonalFinances\Components\Shared\SplitTransactionComponent.razor(244,9): warning CS4014: Because this call is not awaited, execution of the current method continues before the call is completed. Consider applying the 'await' operator to the result of the call. [C:\Users\Admin\Documents\Github\Pilgrims.PersonalFinances\Pilgrims.PersonalFinances\Pilgrims.PersonalFinances.csproj::TargetFramework=net9.0-windows10.0.19041.0]
C:\Users\Admin\Documents\Github\Pilgrims.PersonalFinances\Pilgrims.PersonalFinances\Components\Shared\SplitTransactionComponent.razor(261,9): warning CS4014: Because this call is not awaited, execution of the current method continues before the call is completed. Consider applying the 'await' operator to the result of the call. [C:\Users\Admin\Documents\Github\Pilgrims.PersonalFinances\Pilgrims.PersonalFinances\Pilgrims.PersonalFinances.csproj::TargetFramework=net9.0-windows10.0.19041.0]
C:\Users\Admin\Documents\Github\Pilgrims.PersonalFinances\Pilgrims.PersonalFinances\Components\Shared\SplitTransactionComponent.razor(294,9): warning CS4014: Because this call is not awaited, execution of the current method continues before the call is completed. Consider applying the 'await' operator to the result of the call. [C:\Users\Admin\Documents\Github\Pilgrims.PersonalFinances\Pilgrims.PersonalFinances\Pilgrims.PersonalFinances.csproj::TargetFramework=net9.0-windows10.0.19041.0]
C:\Users\Admin\Documents\Github\Pilgrims.PersonalFinances\Pilgrims.PersonalFinances\Components\Shared\SplitTransactionComponent.razor(305,9): warning CS4014: Because this call is not awaited, execution of the current method continues before the call is completed. Consider applying the 'await' operator to the result of the call. [C:\Users\Admin\Documents\Github\Pilgrims.PersonalFinances\Pilgrims.PersonalFinances\Pilgrims.PersonalFinances.csproj::TargetFramework=net9.0-windows10.0.19041.0]
C:\Users\Admin\Documents\Github\Pilgrims.PersonalFinances\Pilgrims.PersonalFinances\Components\Shared\CurrencyAutocomplete.razor(106,24): warning CS1998: This async method lacks 'await' operators and will run synchronously. Consider using the 'await' operator to await non-blocking API calls, or 'await Task.Run(...)' to do CPU-bound work on a background thread. [C:\Users\Admin\Documents\Github\Pilgrims.PersonalFinances\Pilgrims.PersonalFinances\Pilgrims.PersonalFinances.csproj::TargetFramework=net9.0-windows10.0.19041.0]
C:\Users\Admin\Documents\Github\Pilgrims.PersonalFinances\Pilgrims.PersonalFinances\Components\Shared\CurrencyAutocomplete.razor(122,24): warning CS1998: This async method lacks 'await' operators and will run synchronously. Consider using the 'await' operator to await non-blocking API calls, or 'await Task.Run(...)' to do CPU-bound work on a background thread. [C:\Users\Admin\Documents\Github\Pilgrims.PersonalFinances\Pilgrims.PersonalFinances\Pilgrims.PersonalFinances.csproj::TargetFramework=net9.0-windows10.0.19041.0]
  Pilgrims.PersonalFinances -> C:\Users\Admin\Documents\Github\Pilgrims.PersonalFinances\Pilgrims.PersonalFinances\bin\Debug\net9.0-windows10.0.19041.0\win10-x64\Pilgrims.PersonalFinances.dll

Build FAILED.

C:\Users\Admin\Documents\Github\Pilgrims.PersonalFinances\Pilgrims.PersonalFinances\Components\Shared\UIMessageHandler.razor(14,83): warning CS4014: Because this call is not awaited, execution of the current method continues before the call is completed. Consider applying the 'await' operator to the result of the call. [C:\Users\Admin\Documents\Github\Pilgrims.PersonalFinances\Pilgrims.PersonalFinances\Pilgrims.PersonalFinances.csproj::TargetFramework=net9.0-windows10.0.19041.0]
C:\Users\Admin\Documents\Github\Pilgrims.PersonalFinances\Pilgrims.PersonalFinances\Components\Shared\UIMessageHandler.razor(15,90): warning CS4014: Because this call is not awaited, execution of the current method continues before the call is completed. Consider applying the 'await' operator to the result of the call. [C:\Users\Admin\Documents\Github\Pilgrims.PersonalFinances\Pilgrims.PersonalFinances\Pilgrims.PersonalFinances.csproj::TargetFramework=net9.0-windows10.0.19041.0]
C:\Users\Admin\Documents\Github\Pilgrims.PersonalFinances\Pilgrims.PersonalFinances\Components\Shared\UIMessageHandler.razor(16,86): warning CS4014: Because this call is not awaited, execution of the current method continues before the call is completed. Consider applying the 'await' operator to the result of the call. [C:\Users\Admin\Documents\Github\Pilgrims.PersonalFinances\Pilgrims.PersonalFinances\Pilgrims.PersonalFinances.csproj::TargetFramework=net9.0-windows10.0.19041.0]
C:\Users\Admin\Documents\Github\Pilgrims.PersonalFinances\Pilgrims.PersonalFinances\Components\Shared\UIMessageHandler.razor(17,79): warning CS4014: Because this call is not awaited, execution of the current method continues before the call is completed. Consider applying the 'await' operator to the result of the call. [C:\Users\Admin\Documents\Github\Pilgrims.PersonalFinances\Pilgrims.PersonalFinances\Pilgrims.PersonalFinances.csproj::TargetFramework=net9.0-windows10.0.19041.0]
C:\Users\Admin\Documents\Github\Pilgrims.PersonalFinances\Pilgrims.PersonalFinances\Components\Shared\UIMessageHandler.razor(18,94): warning CS4014: Because this call is not awaited, execution of the current method continues before the call is completed. Consider applying the 'await' operator to the result of the call. [C:\Users\Admin\Documents\Github\Pilgrims.PersonalFinances\Pilgrims.PersonalFinances\Pilgrims.PersonalFinances.csproj::TargetFramework=net9.0-windows10.0.19041.0]
C:\Users\Admin\Documents\Github\Pilgrims.PersonalFinances\Pilgrims.PersonalFinances\Components\Shared\UIMessageHandler.razor(19,90): warning CS4014: Because this call is not awaited, execution of the current method continues before the call is completed. Consider applying the 'await' operator to the result of the call. [C:\Users\Admin\Documents\Github\Pilgrims.PersonalFinances\Pilgrims.PersonalFinances\Pilgrims.PersonalFinances.csproj::TargetFramework=net9.0-windows10.0.19041.0]
C:\Users\Admin\Documents\Github\Pilgrims.PersonalFinances\Pilgrims.PersonalFinances\Components\Shared\UIMessageHandler.razor(20,86): warning CS4014: Because this call is not awaited, execution of the current method continues before the call is completed. Consider applying the 'await' operator to the result of the call. [C:\Users\Admin\Documents\Github\Pilgrims.PersonalFinances\Pilgrims.PersonalFinances\Pilgrims.PersonalFinances.csproj::TargetFramework=net9.0-windows10.0.19041.0]
C:\Users\Admin\Documents\Github\Pilgrims.PersonalFinances\Pilgrims.PersonalFinances\Components\Shared\UIMessageHandler.razor(21,88): warning CS4014: Because this call is not awaited, execution of the current method continues before the call is completed. Consider applying the 'await' operator to the result of the call. [C:\Users\Admin\Documents\Github\Pilgrims.PersonalFinances\Pilgrims.PersonalFinances\Pilgrims.PersonalFinances.csproj::TargetFramework=net9.0-windows10.0.19041.0]
C:\Users\Admin\Documents\Github\Pilgrims.PersonalFinances\Pilgrims.PersonalFinances\Components\Shared\UIMessageHandler.razor(22,84): warning CS4014: Because this call is not awaited, execution of the current method continues before the call is completed. Consider applying the 'await' operator to the result of the call. [C:\Users\Admin\Documents\Github\Pilgrims.PersonalFinances\Pilgrims.PersonalFinances\Pilgrims.PersonalFinances.csproj::TargetFramework=net9.0-windows10.0.19041.0]
C:\Users\Admin\Documents\Github\Pilgrims.PersonalFinances\Pilgrims.PersonalFinances\Services\FileService.cs(300,27): warning CS8602: Dereference of a possibly null reference. [C:\Users\Admin\Documents\Github\Pilgrims.PersonalFinances\Pilgrims.PersonalFinances\Pilgrims.PersonalFinances.csproj::TargetFramework=net9.0-windows10.0.19041.0]
C:\Users\Admin\Documents\Github\Pilgrims.PersonalFinances\Pilgrims.PersonalFinances\Services\FileService.cs(303,27): warning CS8602: Dereference of a possibly null reference. [C:\Users\Admin\Documents\Github\Pilgrims.PersonalFinances\Pilgrims.PersonalFinances\Pilgrims.PersonalFinances.csproj::TargetFramework=net9.0-windows10.0.19041.0]
C:\Users\Admin\Documents\Github\Pilgrims.PersonalFinances\Pilgrims.PersonalFinances\Services\FileService.cs(304,27): warning CS8602: Dereference of a possibly null reference. [C:\Users\Admin\Documents\Github\Pilgrims.PersonalFinances\Pilgrims.PersonalFinances\Pilgrims.PersonalFinances.csproj::TargetFramework=net9.0-windows10.0.19041.0]
C:\Users\Admin\Documents\Github\Pilgrims.PersonalFinances\Pilgrims.PersonalFinances\Components\Shared\SplitTransactionComponent.razor(204,9): warning CS4014: Because this call is not awaited, execution of the current method continues before the call is completed. Consider applying the 'await' operator to the result of the call. [C:\Users\Admin\Documents\Github\Pilgrims.PersonalFinances\Pilgrims.PersonalFinances\Pilgrims.PersonalFinances.csproj::TargetFramework=net9.0-windows10.0.19041.0]
C:\Users\Admin\Documents\Github\Pilgrims.PersonalFinances\Pilgrims.PersonalFinances\Components\Shared\SplitTransactionComponent.razor(213,13): warning CS4014: Because this call is not awaited, execution of the current method continues before the call is completed. Consider applying the 'await' operator to the result of the call. [C:\Users\Admin\Documents\Github\Pilgrims.PersonalFinances\Pilgrims.PersonalFinances\Pilgrims.PersonalFinances.csproj::TargetFramework=net9.0-windows10.0.19041.0]
C:\Users\Admin\Documents\Github\Pilgrims.PersonalFinances\Pilgrims.PersonalFinances\Components\Shared\SplitTransactionComponent.razor(223,13): warning CS4014: Because this call is not awaited, execution of the current method continues before the call is completed. Consider applying the 'await' operator to the result of the call. [C:\Users\Admin\Documents\Github\Pilgrims.PersonalFinances\Pilgrims.PersonalFinances\Pilgrims.PersonalFinances.csproj::TargetFramework=net9.0-windows10.0.19041.0]
C:\Users\Admin\Documents\Github\Pilgrims.PersonalFinances\Pilgrims.PersonalFinances\Components\Shared\SplitTransactionComponent.razor(244,9): warning CS4014: Because this call is not awaited, execution of the current method continues before the call is completed. Consider applying the 'await' operator to the result of the call. [C:\Users\Admin\Documents\Github\Pilgrims.PersonalFinances\Pilgrims.PersonalFinances\Pilgrims.PersonalFinances.csproj::TargetFramework=net9.0-windows10.0.19041.0]
C:\Users\Admin\Documents\Github\Pilgrims.PersonalFinances\Pilgrims.PersonalFinances\Components\Shared\SplitTransactionComponent.razor(261,9): warning CS4014: Because this call is not awaited, execution of the current method continues before the call is completed. Consider applying the 'await' operator to the result of the call. [C:\Users\Admin\Documents\Github\Pilgrims.PersonalFinances\Pilgrims.PersonalFinances\Pilgrims.PersonalFinances.csproj::TargetFramework=net9.0-windows10.0.19041.0]
C:\Users\Admin\Documents\Github\Pilgrims.PersonalFinances\Pilgrims.PersonalFinances\Components\Shared\SplitTransactionComponent.razor(294,9): warning CS4014: Because this call is not awaited, execution of the current method continues before the call is completed. Consider applying the 'await' operator to the result of the call. [C:\Users\Admin\Documents\Github\Pilgrims.PersonalFinances\Pilgrims.PersonalFinances\Pilgrims.PersonalFinances.csproj::TargetFramework=net9.0-windows10.0.19041.0]
C:\Users\Admin\Documents\Github\Pilgrims.PersonalFinances\Pilgrims.PersonalFinances\Components\Shared\SplitTransactionComponent.razor(305,9): warning CS4014: Because this call is not awaited, execution of the current method continues before the call is completed. Consider applying the 'await' operator to the result of the call. [C:\Users\Admin\Documents\Github\Pilgrims.PersonalFinances\Pilgrims.PersonalFinances\Pilgrims.PersonalFinances.csproj::TargetFramework=net9.0-windows10.0.19041.0]
C:\Users\Admin\Documents\Github\Pilgrims.PersonalFinances\Pilgrims.PersonalFinances\Components\Shared\CurrencyAutocomplete.razor(106,24): warning CS1998: This async method lacks 'await' operators and will run synchronously. Consider using the 'await' operator to await non-blocking API calls, or 'await Task.Run(...)' to do CPU-bound work on a background thread. [C:\Users\Admin\Documents\Github\Pilgrims.PersonalFinances\Pilgrims.PersonalFinances\Pilgrims.PersonalFinances.csproj::TargetFramework=net9.0-windows10.0.19041.0]
C:\Users\Admin\Documents\Github\Pilgrims.PersonalFinances\Pilgrims.PersonalFinances\Components\Shared\CurrencyAutocomplete.razor(122,24): warning CS1998: This async method lacks 'await' operators and will run synchronously. Consider using the 'await' operator to await non-blocking API calls, or 'await Task.Run(...)' to do CPU-bound work on a background thread. [C:\Users\Admin\Documents\Github\Pilgrims.PersonalFinances\Pilgrims.PersonalFinances\Pilgrims.PersonalFinances.csproj::TargetFramework=net9.0-windows10.0.19041.0]
C:\Program Files\dotnet\packs\Microsoft.Android.Sdk.Windows\35.0.101\targets\Microsoft.Android.Sdk.AssemblyResolution.targets(130,5): error XAPRAS7009: System.InvalidOperationException: PE image does not have metadata. [C:\Users\Admin\Documents\Github\Pilgrims.PersonalFinances\Pilgrims.PersonalFinances\Pilgrims.PersonalFinances.csproj::TargetFramework=net9.0-android]
C:\Program Files\dotnet\packs\Microsoft.Android.Sdk.Windows\35.0.101\targets\Microsoft.Android.Sdk.AssemblyResolution.targets(130,5): error XAPRAS7009:    at System.Reflection.PortableExecutable.PEReader.GetMetadataBlock() [C:\Users\Admin\Documents\Github\Pilgrims.PersonalFinances\Pilgrims.PersonalFinances\Pilgrims.PersonalFinances.csproj::TargetFramework=net9.0-android]
C:\Program Files\dotnet\packs\Microsoft.Android.Sdk.Windows\35.0.101\targets\Microsoft.Android.Sdk.AssemblyResolution.targets(130,5): error XAPRAS7009:    at System.Reflection.Metadata.PEReaderExtensions.GetMetadataReader(PEReader peReader) [C:\Users\Admin\Documents\Github\Pilgrims.PersonalFinances\Pilgrims.PersonalFinances\Pilgrims.PersonalFinances.csproj::TargetFramework=net9.0-android]
C:\Program Files\dotnet\packs\Microsoft.Android.Sdk.Windows\35.0.101\targets\Microsoft.Android.Sdk.AssemblyResolution.targets(130,5): error XAPRAS7009:    at Xamarin.Android.Tasks.MonoAndroidHelper.HasMonoAndroidReference(ITaskItem assembly) in /Users/runner/work/1/s/xamarin-android/src/Xamarin.Android.Build.Tasks/Utilities/MonoAndroidHelper.cs:line 350 [C:\Users\Admin\Documents\Github\Pilgrims.PersonalFinances\Pilgrims.PersonalFinances\Pilgrims.PersonalFinances.csproj::TargetFramework=net9.0-android]
C:\Program Files\dotnet\packs\Microsoft.Android.Sdk.Windows\35.0.101\targets\Microsoft.Android.Sdk.AssemblyResolution.targets(130,5): error XAPRAS7009:    at Xamarin.Android.Tasks.ProcessAssemblies.SetMetadataForAssemblies(List`1 output, Dictionary`2 symbols) in /Users/runner/work/1/s/xamarin-android/src/Xamarin.Android.Build.Tasks/Tasks/ProcessAssemblies.cs:line 133 [C:\Users\Admin\Documents\Github\Pilgrims.PersonalFinances\Pilgrims.PersonalFinances\Pilgrims.PersonalFinances.csproj::TargetFramework=net9.0-android]
C:\Program Files\dotnet\packs\Microsoft.Android.Sdk.Windows\35.0.101\targets\Microsoft.Android.Sdk.AssemblyResolution.targets(130,5): error XAPRAS7009:    at Xamarin.Android.Tasks.ProcessAssemblies.RunTask() in /Users/runner/work/1/s/xamarin-android/src/Xamarin.Android.Build.Tasks/Tasks/ProcessAssemblies.cs:line 62 [C:\Users\Admin\Documents\Github\Pilgrims.PersonalFinances\Pilgrims.PersonalFinances\Pilgrims.PersonalFinances.csproj::TargetFramework=net9.0-android]
C:\Program Files\dotnet\packs\Microsoft.Android.Sdk.Windows\35.0.101\targets\Microsoft.Android.Sdk.AssemblyResolution.targets(130,5): error XAPRAS7009:    at Microsoft.Android.Build.Tasks.AndroidTask.Execute() in /Users/runner/work/1/s/xamarin-android/external/xamarin-android-tools/src/Microsoft.Android.Build.BaseTasks/AndroidTask.cs:line 25 [C:\Users\Admin\Documents\Github\Pilgrims.PersonalFinances\Pilgrims.PersonalFinances\Pilgrims.PersonalFinances.csproj::TargetFramework=net9.0-android]
    21 Warning(s)
    1 Error(s)

Time Elapsed 00:00:08.19
